// Jest Snapshot v1, https://goo.gl/fbAQLP

exports[`<LogInInput /> should render correctly 1`] = `
<View
  style={
    Object {
      "flex": 4,
    }
  }
  testID="inputContainer"
>
  <TextInput
    allowFontScaling={true}
    onChangeText={[Function]}
    placeholder="Email"
    placeholderTextColor="#FFFFFF"
    rejectResponderTermination={true}
    style={
      Object {
        "alignSelf": "center",
        "borderColor": "#ededed",
        "borderRadius": 30,
        "borderWidth": 1,
        "color": "#FFFFFF",
        "marginBottom": 10,
        "padding": 30,
        "width": 320,
      }
    }
    testID="emailInput"
    underlineColorAndroid="transparent"
    value="xxx@gmail.com"
  />
  <TextInput
    allowFontScaling={true}
    onChangeText={[Function]}
    placeholder="Password"
    placeholderTextColor="#FFFFFF"
    rejectResponderTermination={true}
    secureTextEntry={true}
    style={
      Object {
        "alignSelf": "center",
        "borderColor": "#ededed",
        "borderRadius": 30,
        "borderWidth": 1,
        "color": "#FFFFFF",
        "marginBottom": 10,
        "padding": 30,
        "width": 320,
      }
    }
    testID="passwordInput"
    underlineColorAndroid="transparent"
    value="xxxxxx"
  />
  <View
    accessible={true}
    focusable={false}
    onClick={[Function]}
    onResponderGrant={[Function]}
    onResponderMove={[Function]}
    onResponderRelease={[Function]}
    onResponderTerminate={[Function]}
    onResponderTerminationRequest={[Function]}
    onStartShouldSetResponder={[Function]}
    style={
      Object {
        "alignItems": "center",
        "alignSelf": "center",
        "backgroundColor": "#FFFFFF",
        "borderRadius": 70,
        "color": "#fff",
        "elevation": 8,
        "height": 55,
        "justifyContent": "center",
        "marginBottom": 10,
        "opacity": 1,
        "padding": 20,
        "width": 150,
      }
    }
    testID="goToSignup"
  >
    <Text
      style={
        Object {
          "color": "#EB8873",
          "fontSize": 11,
          "fontWeight": "bold",
        }
      }
      testID="signUpText"
    >
      Sign Up
    </Text>
  </View>
  <View
    accessible={true}
    focusable={true}
    onClick={[Function]}
    onResponderGrant={[Function]}
    onResponderMove={[Function]}
    onResponderRelease={[Function]}
    onResponderTerminate={[Function]}
    onResponderTerminationRequest={[Function]}
    onStartShouldSetResponder={[Function]}
    style={
      Object {
        "alignItems": "center",
        "alignSelf": "center",
        "backgroundColor": "#FFFFFF",
        "borderRadius": 70,
        "color": "#fff",
        "elevation": 8,
        "height": 60,
        "justifyContent": "center",
        "opacity": 1,
        "padding": 20,
        "width": 240,
      }
    }
    testID="loginButton"
  >
    <Text
      style={
        Object {
          "color": "#EB8873",
          "fontSize": 14,
          "fontWeight": "bold",
        }
      }
      testID="logInText"
    >
      Log In
    </Text>
  </View>
</View>
`;
