// Jest Snapshot v1, https://goo.gl/fbAQLP

exports[`LogIn renders correctly 1`] = `
<View
  onLayout={[Function]}
  style={
    Array [
      Object {
        "flex": 1,
      },
      Object {
        "paddingBottom": 0,
      },
    ]
  }
>
  <View
    accessible={true}
    focusable={true}
    onClick={[Function]}
    onResponderGrant={[Function]}
    onResponderMove={[Function]}
    onResponderRelease={[Function]}
    onResponderTerminate={[Function]}
    onResponderTerminationRequest={[Function]}
    onStartShouldSetResponder={[Function]}
    style={
      Object {
        "alignItems": "center",
        "flex": 1,
        "justifyContent": "center",
      }
    }
  >
    <View
      accessibilityIgnoresInvertColors={true}
      style={
        Object {
          "flex": 1,
          "height": "100%",
          "opacity": 0.95,
          "width": "100%",
        }
      }
    >
      <Image
        source={
          Object {
            "testUri": "../../../src/images/background.jpeg",
          }
        }
        style={
          Array [
            Object {
              "bottom": 0,
              "left": 0,
              "position": "absolute",
              "right": 0,
              "top": 0,
            },
            Object {
              "height": "100%",
              "width": "100%",
            },
            undefined,
          ]
        }
      />
      <View
        style={
          Object {
            "alignItems": "center",
            "flex": 2,
            "marginTop": 100,
          }
        }
      >
        <Image
          source={
            Object {
              "testUri": "../../../src/images/logo.png",
            }
          }
          style={
            Object {
              "height": "40%",
              "opacity": 0.7,
              "width": "30%",
            }
          }
        />
      </View>
      <View
        style={
          Object {
            "flex": 4,
          }
        }
      >
        <TextInput
          allowFontScaling={true}
          onChangeText={[Function]}
          placeholder="Email"
          placeholderTextColor="#FFFFFF"
          rejectResponderTermination={true}
          style={
            Object {
              "alignSelf": "center",
              "borderColor": "#ededed",
              "borderRadius": 30,
              "borderWidth": 1,
              "color": "#FFFFFF",
              "marginBottom": 10,
              "padding": 30,
              "width": 320,
            }
          }
          underlineColorAndroid="transparent"
        />
        <TextInput
          allowFontScaling={true}
          onChangeText={[Function]}
          placeholder="Password"
          placeholderTextColor="#FFFFFF"
          rejectResponderTermination={true}
          secureTextEntry={true}
          style={
            Object {
              "alignSelf": "center",
              "borderColor": "#ededed",
              "borderRadius": 30,
              "borderWidth": 1,
              "color": "#FFFFFF",
              "marginBottom": 10,
              "padding": 30,
              "width": 320,
            }
          }
          underlineColorAndroid="transparent"
        />
        <View
          accessible={true}
          focusable={true}
          onClick={[Function]}
          onResponderGrant={[Function]}
          onResponderMove={[Function]}
          onResponderRelease={[Function]}
          onResponderTerminate={[Function]}
          onResponderTerminationRequest={[Function]}
          onStartShouldSetResponder={[Function]}
          style={
            Object {
              "alignItems": "center",
              "alignSelf": "center",
              "backgroundColor": "#FFFFFF",
              "borderRadius": 70,
              "color": "#fff",
              "elevation": 8,
              "height": 55,
              "justifyContent": "center",
              "marginBottom": 10,
              "opacity": 1,
              "padding": 20,
              "width": 150,
            }
          }
        >
          <Text
            style={
              Object {
                "color": "#EB8873",
                "fontSize": 11,
                "fontWeight": "bold",
              }
            }
          >
            Sign Up
          </Text>
        </View>
        <View
          accessible={true}
          focusable={true}
          onClick={[Function]}
          onResponderGrant={[Function]}
          onResponderMove={[Function]}
          onResponderRelease={[Function]}
          onResponderTerminate={[Function]}
          onResponderTerminationRequest={[Function]}
          onStartShouldSetResponder={[Function]}
          style={
            Object {
              "alignItems": "center",
              "alignSelf": "center",
              "backgroundColor": "#FFFFFF",
              "borderRadius": 70,
              "color": "#fff",
              "elevation": 8,
              "height": 60,
              "justifyContent": "center",
              "opacity": 1,
              "padding": 20,
              "width": 240,
            }
          }
          testID="loginButton"
        >
          <Text
            style={
              Object {
                "color": "#EB8873",
                "fontSize": 14,
                "fontWeight": "bold",
              }
            }
          >
            Log In
          </Text>
        </View>
      </View>
    </View>
  </View>
</View>
`;
